Archive member included because of file (symbol)

/Applications/Marmalade.app/Contents/s3e/edk/lib/android/libedk.a(edk_helpers.o)
                              release/CGPollfish_platform.os (s3eEdkThreadRunOnOS)

Discarded input sections

 .note.GNU-stack
                0x00000000        0x0 /Users/adriangomez/android-ndk-r10d//platforms/android-14/arch-arm/usr/lib/crtbegin_so.o
 .group         0x00000000        0x8 release/CGPollfish_platform.os
 .group         0x00000000        0x8 release/CGPollfish_platform.os
 .note.GNU-stack
                0x00000000        0x0 release/CGPollfish_platform.os
 .note.GNU-stack
                0x00000000        0x0 release/CGPollfish.os
 .note.GNU-stack
                0x00000000        0x0 release/CGPollfish_register.os
 .note.GNU-stack
                0x00000000        0x0 /Applications/Marmalade.app/Contents/s3e/edk/lib/android/libedk.a(edk_helpers.o)
 .note.GNU-stack
                0x00000000        0x0 /Users/adriangomez/android-ndk-r10d//platforms/android-14/arch-arm/usr/lib/crtend_so.o

Memory map

 ** file header
                0x00000000       0x34
 ** segment headers
                0x00000034       0xe0

.interp         0x00000114       0x13
 ** fill        0x00000114       0x13

.dynsym         0x00000128      0x100
 ** dynsym      0x00000128      0x100

.dynstr         0x00000228      0x162
 ** string table
                0x00000228      0x162

.hash           0x0000038c       0x54
 ** hash        0x0000038c       0x54

.rel.dyn        0x000003e0       0xc0
 ** dynamic relocs
                0x000003e0       0xc0

.rel.plt        0x000004a0       0x58
 ** dynamic relocs
                0x000004a0       0x58

.plt            0x000004f8       0x98
 ** PLT         0x000004f8       0x98

.text           0x00000590      0x958
 .text.exit     0x00000590       0x10 /Users/adriangomez/android-ndk-r10d//platforms/android-14/arch-arm/usr/lib/crtbegin_so.o
                0x00000590                __on_dlclose
 .text          0x000005a0       0x34 /Users/adriangomez/android-ndk-r10d//platforms/android-14/arch-arm/usr/lib/crtbegin_so.o
                0x000005a0                __atexit_handler_wrapper
                0x000005b4                atexit
 .text          0x000005d4      0x5e4 release/CGPollfish_platform.os
                0x000005d4                native_notifyReceived(_JNIEnv*, _jobject*)
                0x0000060c                native_notifyNotAvailable(_JNIEnv*, _jobject*)
                0x00000644                native_notifyCompleted(_JNIEnv*, _jobject*)
                0x0000067c                native_notifyOpened(_JNIEnv*, _jobject*)
                0x000006b4                native_notifyClosed(_JNIEnv*, _jobject*)
                0x000006ec                native_notifyNotEligible(_JNIEnv*, _jobject*)
                0x000007dc                CGPollfishInit_platform()
                0x00000a1c                CGPollfishTerminate_platform()
                0x00000a78                PollFishInit_platform(char const*, CGPollFishPosition, int, char const*)
                0x00000b18                PollFishHide_platform()
                0x00000b68                PollFishShow_platform()
 .text._ZN7_JNIEnv9NewObjectEP7_jclassP10_jmethodIDz
                0x00000bb8       0x38 release/CGPollfish_platform.os
                0x00000bb8                _JNIEnv::NewObject(_jclass*, _jmethodID*, ...)
 .text._ZN7_JNIEnv14CallVoidMethodEP8_jobjectP10_jmethodIDz
                0x00000bf0       0x38 release/CGPollfish_platform.os
                0x00000bf0                _JNIEnv::CallVoidMethod(_jobject*, _jmethodID*, ...)
 .text          0x00000c28       0x14 release/CGPollfish.os
                0x00000c28                CGPollfishInit()
                0x00000c2c                CGPollfishTerminate()
                0x00000c30                PollFishInit
                0x00000c34                PollFishHide
                0x00000c38                PollFishShow
 .text          0x00000c3c      0x21c release/CGPollfish_register.os
                0x00000c3c                CGPollfishRegister
                0x00000c6c                CGPollfishUnRegister
                0x00000cf8                CGPollfishRegisterExt()
                0x00000da8                RegisterExt
 .text          0x00000e58        0x0 /Applications/Marmalade.app/Contents/s3e/edk/lib/android/libedk.a(edk_helpers.o)
 .text.s3eEdkErrorSetString
                0x00000e58       0x30 /Applications/Marmalade.app/Contents/s3e/edk/lib/android/libedk.a(edk_helpers.o)
                0x00000e58                s3eEdkErrorSetString
 .text.s3eEdkThreadRunOnOS
                0x00000e88       0x30 /Applications/Marmalade.app/Contents/s3e/edk/lib/android/libedk.a(edk_helpers.o)
                0x00000e88                s3eEdkThreadRunOnOS
 .text.s3eEdkThreadRunOnOSAsync
                0xffffffffffffffff       0x30 /Applications/Marmalade.app/Contents/s3e/edk/lib/android/libedk.a(edk_helpers.o)
                0x00000eb8                s3eEdkThreadRunOnOSAsync
 .text          0x00000ee8        0x0 /Users/adriangomez/android-ndk-r10d//platforms/android-14/arch-arm/usr/lib/crtend_so.o

.rodata         0x00000ee8      0x101
 ** merge strings
                0x00000ee8      0x101

.fini_array     0x00002ea8        0x8
 .fini_array    0x00002ea8        0x4 /Users/adriangomez/android-ndk-r10d//platforms/android-14/arch-arm/usr/lib/crtbegin_so.o
 .fini_array    0x00002eac        0x4 /Users/adriangomez/android-ndk-r10d//platforms/android-14/arch-arm/usr/lib/crtend_so.o

.init_array     0x00002eb0        0x4
 .init_array    0x00002eb0        0x4 /Users/adriangomez/android-ndk-r10d//platforms/android-14/arch-arm/usr/lib/crtend_so.o

.dynamic        0x00002eb4      0x100
 ** dynamic     0x00002eb4      0x100

.got            0x00002fb4       0x4c
 ** GOT         0x00002fb4       0x14
 ** GOT PLT     0x00002fc8       0x38

.data           0x00003000       0x4c
 .data          0x00003000        0x4 /Users/adriangomez/android-ndk-r10d//platforms/android-14/arch-arm/usr/lib/crtbegin_so.o
                0x00003000                __dso_handle
 .data          0x00003004       0x48 release/CGPollfish_platform.os
 .data          0x0000304c        0x0 release/CGPollfish.os
 .data          0x0000304c        0x0 release/CGPollfish_register.os
 .data          0x0000304c        0x0 /Applications/Marmalade.app/Contents/s3e/edk/lib/android/libedk.a(edk_helpers.o)
 .data          0x0000304c        0x0 /Users/adriangomez/android-ndk-r10d//platforms/android-14/arch-arm/usr/lib/crtend_so.o

.bss            0x0000304c       0x10
 .bss           0x0000304c        0x0 /Users/adriangomez/android-ndk-r10d//platforms/android-14/arch-arm/usr/lib/crtbegin_so.o
 .bss           0x0000304c       0x10 release/CGPollfish_platform.os
 .bss           0x0000305c        0x0 release/CGPollfish.os
 .bss           0x0000305c        0x0 release/CGPollfish_register.os
 .bss           0x0000305c        0x0 /Applications/Marmalade.app/Contents/s3e/edk/lib/android/libedk.a(edk_helpers.o)
 .bss           0x0000305c        0x0 /Users/adriangomez/android-ndk-r10d//platforms/android-14/arch-arm/usr/lib/crtend_so.o
